Microchip MPLAB XC8 Compiler V2.45

Linker command line:

-W-3 \
  --edf=C:/Users/79972/.mchp_packs/Microchip/PIC12-16F1xxx_DFP/1.7.242/xc8\pic\dat\20230907200743_en.msgs \
  -cn -h+dist/default/production\T1.production.sym \
  --cmf=dist/default/production\T1.production.cmf -z -Q12F1501 \
  -oC:\Users\79972\AppData\Local\Temp\xcAsoog.\driver_tmp_3.o \
  --defsym=__MPLAB_BUILD=1 --fixupoverflow=error \
  -Mdist/default/production/T1.production.map \
  --md=C:\Users\79972\AppData\Local\Temp\xcAsoog.\driver_tmp_0.dat -E1 \
  -ver=XC8 Compiler --acfsm=1493 -ACODE=00h-03FFh -ASTRCODE=00h-03FFh \
  -ASTRING=00h-0FFhx4 -ACONST=00h-0FFhx4 -AENTRY=00h-0FFhx4 \
  -ACOMMON=070h-07Fh -ABANK0=020h-04Fh -ABIGRAM=02000h-0202Fh \
  -ARAM=020h-04Fh -AABS1=020h-04Fh,070h-07Fh -ASFR0=00h-01Fh \
  -ASFR1=080h-0EFh -ASFR2=0100h-016Fh -ASFR3=0180h-01EFh -ASFR4=0200h-026Fh \
  -ASFR5=0280h-02EFh -ASFR6=0300h-036Fh -ASFR7=0380h-03EFh \
  -ASFR8=0400h-046Fh -ASFR9=0480h-04EFh -ASFR10=0500h-056Fh \
  -ASFR11=0580h-05EFh -ASFR12=0600h-066Fh -ASFR13=0680h-06EFh \
  -ASFR14=0700h-076Fh -ASFR15=0780h-07EFh -ASFR16=0800h-086Fh \
  -ASFR17=0880h-08EFh -ASFR18=0900h-096Fh -ASFR19=0980h-09EFh \
  -ASFR20=0A00h-0A6Fh -ASFR21=0A80h-0AEFh -ASFR22=0B00h-0B6Fh \
  -ASFR23=0B80h-0BEFh -ASFR24=0C00h-0C6Fh -ASFR25=0C80h-0CEFh \
  -ASFR26=0D00h-0D6Fh -ASFR27=0D80h-0DEFh -ASFR28=0E00h-0E6Fh \
  -ASFR29=0E80h-0EEFh -ASFR30=0F00h-0F6Fh -ASFR31=0F80h-0FEFh \
  -ACONFIG=08007h-08008h -DCONFIG=2 -AIDLOC=08000h-08003h -DIDLOC=2 \
  -DCODE=2 -DSTRCODE=2 -DSTRING=2 -DCONST=2 -DENTRY=2 \
  -preset_vec=00h,intentry=04h,init,end_init -ppowerup=CODE -pcinit=CODE \
  -pfunctab=ENTRY -k \
  C:\Users\79972\AppData\Local\Temp\xcAsoog.\driver_tmp_12.o \
  dist/default/production\T1.production.o 

Object code version is 3.11

Machine type is 12F1501



                Name                               Link     Load   Length Selector   Space Scale
C:\Users\79972\AppData\Local\Temp\xcAsoog.\driver_tmp_12.o
                end_init                             C1       C1        1        8       0
                reset_vec                             0        0        1        0       0
                config                             8007     8007        2        0       4
dist/default/production\T1.production.o
                cinit                                C2       C2        A        8       0
                intentry                              4        4       BD        8       0
                config                             8007     8007        2        0       4
                text8                               3A7      3A7       1C      47E       0
                text7                               23F      23F       5B      47E       0
                text6                               353      353       34      47E       0
                text5                               387      387       20      47E       0
                text4                               2DB      2DB       3D      47E       0
                text3                               318      318       3B      47E       0
                text2                               29A      29A       41      47E       0
                text1                               3C3      3C3       14      47E       0
                maintext                             CC       CC       D3        8       0
                cstackBANK0                          20       20       29       20       1
                cstackCOMMON                         70       70        9       70       1
                bssBANK0                             49       49        4       20       1
                bssCOMMON                            79       79        2       70       1
                stringtext1                         19F      19F       A0      33E       0

TOTAL           Name                               Link     Load   Length     Space
        CLASS   CODE           
                end_init                             C1       C1        1         0
                cinit                                C2       C2        A         0
                intentry                              4        4       BD         0
                reset_vec                             0        0        1         0
                text8                               3A7      3A7       1C         0
                text7                               23F      23F       5B         0
                text6                               353      353       34         0
                text5                               387      387       20         0
                text4                               2DB      2DB       3D         0
                text3                               318      318       3B         0
                text2                               29A      29A       41         0
                text1                               3C3      3C3       14         0
                maintext                             CC       CC       D3         0

        CLASS   STRCODE        
                stringtext1                         19F      19F       A0         0

        CLASS   STRING         

        CLASS   CONST          

        CLASS   ENTRY          

        CLASS   COMMON         
                cstackCOMMON                         70       70        9         1
                bssCOMMON                            79       79        2         1

        CLASS   BANK0          
                cstackBANK0                          20       20       29         1
                bssBANK0                             49       49        4         1

        CLASS   BIGRAM         

        CLASS   RAM            

        CLASS   ABS1           
                abs_s1                               7E       7E        2         1

        CLASS   SFR0           

        CLASS   SFR1           

        CLASS   SFR2           

        CLASS   SFR3           

        CLASS   SFR4           

        CLASS   SFR5           

        CLASS   SFR6           

        CLASS   SFR7           

        CLASS   SFR8           

        CLASS   SFR9           

        CLASS   SFR10          

        CLASS   SFR11          

        CLASS   SFR12          

        CLASS   SFR13          

        CLASS   SFR14          

        CLASS   SFR15          

        CLASS   SFR16          

        CLASS   SFR17          

        CLASS   SFR18          

        CLASS   SFR19          

        CLASS   SFR20          

        CLASS   SFR21          

        CLASS   SFR22          

        CLASS   SFR23          

        CLASS   SFR24          

        CLASS   SFR25          

        CLASS   SFR26          

        CLASS   SFR27          

        CLASS   SFR28          

        CLASS   SFR29          

        CLASS   SFR30          

        CLASS   SFR31          

        CLASS   CONFIG         
                config                             8007     8007        2         4

        CLASS   IDLOC          

        CLASS   BANK31         

        CLASS   BANK30         

        CLASS   BANK29         

        CLASS   BANK28         

        CLASS   BANK27         

        CLASS   BANK26         

        CLASS   BANK25         

        CLASS   BANK24         

        CLASS   BANK23         

        CLASS   BANK22         

        CLASS   BANK21         

        CLASS   BANK20         

        CLASS   BANK19         

        CLASS   BANK18         

        CLASS   BANK17         

        CLASS   BANK16         

        CLASS   BANK15         

        CLASS   BANK14         

        CLASS   BANK13         

        CLASS   BANK12         

        CLASS   BANK11         

        CLASS   BANK10         

        CLASS   BANK9          

        CLASS   BANK8          

        CLASS   BANK7          

        CLASS   BANK6          

        CLASS   BANK5          

        CLASS   BANK4          

        CLASS   BANK3          

        CLASS   BANK2          

        CLASS   BANK1          

        CLASS   HEAP           

        CLASS   STACK          

        CLASS   EEDATA         



SEGMENTS        Name                           Load    Length   Top    Selector   Space  Class     Delta

                reset_vec                      000000  000001  000001         0       0  CODE        2
                intentry                       000004  00019B  00019F         8       0  CODE        2
                cstackBANK0                    000020  00002D  00004D        20       1  BANK0       1
                cstackCOMMON                   000070  00000B  00007B        70       1  COMMON      1
                stringtext1                    00019F  0000A0  00023F       33E       0  STRCODE     2
                text7                          00023F  000198  0003D7       47E       0  CODE        2


UNUSED ADDRESS RANGES

        Name                Unused          Largest block    Delta
        BANK0            0004D-0004F               3           1
        BIGRAM           02000-0202F              30           1
        CODE             00001-00003               3           2
                         003D7-003FF              29
        COMMON           0007B-0007D               3           1
        CONST            00001-00003               3           2
                         003D7-003FF              29
        ENTRY            00001-00003               3           2
                         003D7-003FF              29
        IDLOC            08000-08003               4           2
        RAM              0004D-0004F               3           1
        SFR0             00000-0001F              20           1
        SFR1             00080-000EF              70           1
        SFR10            00500-0056F              70           1
        SFR11            00580-005EF              70           1
        SFR12            00600-0066F              70           1
        SFR13            00680-006EF              70           1
        SFR14            00700-0076F              70           1
        SFR15            00780-007EF              70           1
        SFR16            00800-0086F              70           1
        SFR17            00880-008EF              70           1
        SFR18            00900-0096F              70           1
        SFR19            00980-009EF              70           1
        SFR2             00100-0016F              70           1
        SFR20            00A00-00A6F              70           1
        SFR21            00A80-00AEF              70           1
        SFR22            00B00-00B6F              70           1
        SFR23            00B80-00BEF              70           1
        SFR24            00C00-00C6F              70           1
        SFR25            00C80-00CEF              70           1
        SFR26            00D00-00D6F              70           1
        SFR27            00D80-00DEF              70           1
        SFR28            00E00-00E6F              70           1
        SFR29            00E80-00EEF              70           1
        SFR3             00180-001EF              70           1
        SFR30            00F00-00F6F              70           1
        SFR31            00F80-00FEF              70           1
        SFR4             00200-0026F              70           1
        SFR5             00280-002EF              70           1
        SFR6             00300-0036F              70           1
        SFR7             00380-003EF              70           1
        SFR8             00400-0046F              70           1
        SFR9             00480-004EF              70           1
        STRCODE          00001-00003               3           2
                         003D7-003FF              29
        STRING           00001-00003               3           2
                         003D7-003FF              29

                                  Symbol Table

?___lldiv                cstackBANK0  0002C
?___lmul                 cstackBANK0  00020
?___lwdiv                cstackBANK0  00020
?___wmul                 cstackBANK0  00020
?_getADCValue            cstackBANK0  00020
?_getADS                 cstackBANK0  0002A
ISR@i                    cstackCOMMON 00078
ISR@p                    cstackCOMMON 00077
ISR@v                    cstackCOMMON 00076
_ADCON0bits              (abs)        0009D
_ADCON1                  (abs)        0009E
_ADRESH                  (abs)        0009C
_ADRESL                  (abs)        0009B
_ANSELAbits              (abs)        0018C
_INTCONbits              (abs)        0000B
_ISR                     intentry     00004
_OSCCON                  (abs)        00099
_PIE1bits                (abs)        00091
_PIR1bits                (abs)        00011
_PORTAbits               (abs)        0000C
_PR2                     (abs)        0001B
_PWM1CON                 (abs)        00613
_PWM1CONbits             (abs)        00613
_PWM1DCH                 (abs)        00612
_PWM1DCL                 (abs)        00611
_PWMinit                 text8        003A7
_Rt                      bssBANK0     00049
_T2CONbits               (abs)        0001C
_TABLE                   stringtext1  0019F
_TMR2                    (abs)        0001A
_TRISAbits               (abs)        0008C
__H__absolute__          __absolute__ 00000
__Habs1                  abs1         00000
__Hbank0                 bank0        00000
__Hbank1                 bank1        00000
__Hbank10                bank10       00000
__Hbank11                bank11       00000
__Hbank12                bank12       00000
__Hbank13                bank13       00000
__Hbank14                bank14       00000
__Hbank15                bank15       00000
__Hbank16                bank16       00000
__Hbank17                bank17       00000
__Hbank18                bank18       00000
__Hbank19                bank19       00000
__Hbank2                 bank2        00000
__Hbank20                bank20       00000
__Hbank21                bank21       00000
__Hbank22                bank22       00000
__Hbank23                bank23       00000
__Hbank24                bank24       00000
__Hbank25                bank25       00000
__Hbank26                bank26       00000
__Hbank27                bank27       00000
__Hbank28                bank28       00000
__Hbank29                bank29       00000
__Hbank3                 bank3        00000
__Hbank30                bank30       00000
__Hbank31                bank31       00000
__Hbank4                 bank4        00000
__Hbank5                 bank5        00000
__Hbank6                 bank6        00000
__Hbank7                 bank7        00000
__Hbank8                 bank8        00000
__Hbank9                 bank9        00000
__Hbigram                bigram       00000
__HbssBANK0              bssBANK0     00000
__HbssCOMMON             bssCOMMON    00000
__Hcinit                 cinit        000CC
__Hclrtext               clrtext      00000
__Hcode                  code         00000
__Hcommon                common       00000
__Hconfig                config       08009
__HcstackBANK0           cstackBANK0  00000
__HcstackCOMMON          cstackCOMMON 00000
__Heeprom_data           eeprom_data  00000
__Hend_init              end_init     000C2
__Hfunctab               functab      00000
__Hheap                  heap         00000
__Hinit                  init         000C1
__Hintentry              intentry     000C1
__Hmaintext              maintext     00000
__Hpowerup               powerup      00000
__Hram                   ram          00000
__Hreset_vec             reset_vec    00001
__Hsfr0                  sfr0         00000
__Hsfr1                  sfr1         00000
__Hsfr10                 sfr10        00000
__Hsfr11                 sfr11        00000
__Hsfr12                 sfr12        00000
__Hsfr13                 sfr13        00000
__Hsfr14                 sfr14        00000
__Hsfr15                 sfr15        00000
__Hsfr16                 sfr16        00000
__Hsfr17                 sfr17        00000
__Hsfr18                 sfr18        00000
__Hsfr19                 sfr19        00000
__Hsfr2                  sfr2         00000
__Hsfr20                 sfr20        00000
__Hsfr21                 sfr21        00000
__Hsfr22                 sfr22        00000
__Hsfr23                 sfr23        00000
__Hsfr24                 sfr24        00000
__Hsfr25                 sfr25        00000
__Hsfr26                 sfr26        00000
__Hsfr27                 sfr27        00000
__Hsfr28                 sfr28        00000
__Hsfr29                 sfr29        00000
__Hsfr3                  sfr3         00000
__Hsfr30                 sfr30        00000
__Hsfr31                 sfr31        00000
__Hsfr4                  sfr4         00000
__Hsfr5                  sfr5         00000
__Hsfr6                  sfr6         00000
__Hsfr7                  sfr7         00000
__Hsfr8                  sfr8         00000
__Hsfr9                  sfr9         00000
__Hspace_0               (abs)        003D7
__Hspace_1               (abs)        0007B
__Hspace_2               (abs)        00000
__Hspace_3               (abs)        00000
__Hspace_4               (abs)        10010
__Hstack                 stack        00000
__Hstrings               strings      00000
__Hstringtext1           stringtext1  00000
__Htext                  text         00000
__L__absolute__          __absolute__ 00000
__Labs1                  abs1         00000
__Lbank0                 bank0        00000
__Lbank1                 bank1        00000
__Lbank10                bank10       00000
__Lbank11                bank11       00000
__Lbank12                bank12       00000
__Lbank13                bank13       00000
__Lbank14                bank14       00000
__Lbank15                bank15       00000
__Lbank16                bank16       00000
__Lbank17                bank17       00000
__Lbank18                bank18       00000
__Lbank19                bank19       00000
__Lbank2                 bank2        00000
__Lbank20                bank20       00000
__Lbank21                bank21       00000
__Lbank22                bank22       00000
__Lbank23                bank23       00000
__Lbank24                bank24       00000
__Lbank25                bank25       00000
__Lbank26                bank26       00000
__Lbank27                bank27       00000
__Lbank28                bank28       00000
__Lbank29                bank29       00000
__Lbank3                 bank3        00000
__Lbank30                bank30       00000
__Lbank31                bank31       00000
__Lbank4                 bank4        00000
__Lbank5                 bank5        00000
__Lbank6                 bank6        00000
__Lbank7                 bank7        00000
__Lbank8                 bank8        00000
__Lbank9                 bank9        00000
__Lbigram                bigram       00000
__LbssBANK0              bssBANK0     00000
__LbssCOMMON             bssCOMMON    00000
__Lcinit                 cinit        000C2
__Lclrtext               clrtext      00000
__Lcode                  code         00000
__Lcommon                common       00000
__Lconfig                config       00000
__LcstackBANK0           cstackBANK0  00000
__LcstackCOMMON          cstackCOMMON 00000
__Leeprom_data           eeprom_data  00000
__Lend_init              end_init     000C1
__Lfunctab               functab      00000
__Lheap                  heap         00000
__Linit                  init         000C1
__Lintentry              intentry     00004
__Lmaintext              maintext     00000
__Lpowerup               powerup      00000
__Lram                   ram          00000
__Lreset_vec             reset_vec    00000
__Lsfr0                  sfr0         00000
__Lsfr1                  sfr1         00000
__Lsfr10                 sfr10        00000
__Lsfr11                 sfr11        00000
__Lsfr12                 sfr12        00000
__Lsfr13                 sfr13        00000
__Lsfr14                 sfr14        00000
__Lsfr15                 sfr15        00000
__Lsfr16                 sfr16        00000
__Lsfr17                 sfr17        00000
__Lsfr18                 sfr18        00000
__Lsfr19                 sfr19        00000
__Lsfr2                  sfr2         00000
__Lsfr20                 sfr20        00000
__Lsfr21                 sfr21        00000
__Lsfr22                 sfr22        00000
__Lsfr23                 sfr23        00000
__Lsfr24                 sfr24        00000
__Lsfr25                 sfr25        00000
__Lsfr26                 sfr26        00000
__Lsfr27                 sfr27        00000
__Lsfr28                 sfr28        00000
__Lsfr29                 sfr29        00000
__Lsfr3                  sfr3         00000
__Lsfr30                 sfr30        00000
__Lsfr31                 sfr31        00000
__Lsfr4                  sfr4         00000
__Lsfr5                  sfr5         00000
__Lsfr6                  sfr6         00000
__Lsfr7                  sfr7         00000
__Lsfr8                  sfr8         00000
__Lsfr9                  sfr9         00000
__Lspace_0               (abs)        00000
__Lspace_1               (abs)        00000
__Lspace_2               (abs)        00000
__Lspace_3               (abs)        00000
__Lspace_4               (abs)        00000
__Lstack                 stack        00000
__Lstrings               strings      00000
__Lstringtext1           stringtext1  00000
__Ltext                  text         00000
__S0                     (abs)        003D7
__S1                     (abs)        0007B
___heap_hi               (abs)        00000
___heap_lo               (abs)        00000
___int_sp                stack        00000
___int_stack_hi          stack        00000
___int_stack_lo          stack        00000
___latbits               (abs)        00000
___lldiv                 text7        0023F
___lldiv@counter         cstackBANK0  00039
___lldiv@dividend        cstackBANK0  00030
___lldiv@divisor         cstackBANK0  0002C
___lldiv@quotient        cstackBANK0  00035
___lmul                  text6        00353
___lmul@multiplicand     cstackBANK0  00024
___lmul@multiplier       cstackBANK0  00020
___lmul@product          cstackBANK0  00028
___lwdiv                 text4        002DB
___lwdiv@counter         cstackBANK0  00027
___lwdiv@dividend        cstackBANK0  00022
___lwdiv@divisor         cstackBANK0  00020
___lwdiv@quotient        cstackBANK0  00025
___sp                    stack        00000
___stack_hi              stack        00000
___stack_lo              stack        00000
___stackhi               (abs)        00000
___stacklo               (abs)        00000
___wmul                  text5        00387
___wmul@multiplicand     cstackBANK0  00022
___wmul@multiplier       cstackBANK0  00020
___wmul@product          cstackBANK0  00024
__end_of_ISR             intentry     000C1
__end_of_PWMinit         text8        003C3
__end_of_TABLE           stringtext1  0023F
__end_of___lldiv         text7        0029A
__end_of___lmul          text6        00387
__end_of___lwdiv         text4        00318
__end_of___wmul          text5        003A7
__end_of__initialization cinit        000C9
__end_of_getADCValue     text3        00353
__end_of_getADS          text2        002DB
__end_of_main            maintext     0019F
__end_of_setup           text1        003D7
__initialization         cinit        000C2
__pbssBANK0              bssBANK0     00049
__pbssCOMMON             bssCOMMON    00079
__pcstackBANK0           cstackBANK0  00020
__pcstackCOMMON          cstackCOMMON 00070
__pintentry              intentry     00004
__pmaintext              maintext     000CC
__pstringtext1           stringtext1  0019F
__ptext1                 text1        003C3
__ptext2                 text2        0029A
__ptext3                 text3        00318
__ptext4                 text4        002DB
__ptext5                 text5        00387
__ptext6                 text6        00353
__ptext7                 text7        0023F
__ptext8                 text8        003A7
_getADCValue             text3        00318
_getADS                  text2        0029A
_main                    maintext     000CC
_setup                   text1        003C3
_t                       bssCOMMON    00079
btemp                    (abs)        0007E
end_of_initialization    cinit        000C9
getADCValue@channel      cstackBANK0  00029
getADS@ac1               cstackBANK0  0002E
getADS@ac2               cstackBANK0  00030
getADS@ac3               cstackBANK0  00032
int$flags                (abs)        0007E
intlevel0                functab      00000
intlevel1                functab      00000
intlevel2                functab      00000
intlevel3                functab      00000
intlevel4                functab      00000
intlevel5                functab      00000
main@VR                  cstackBANK0  00041
main@ad1                 cstackBANK0  00045
main@ad2                 cstackBANK0  0003E
main@add                 cstackBANK0  00040
reset_vec                reset_vec    00000
start                    init         000C1
start_initialization     cinit        000C2
wtemp0                   (abs)        0007E


MODULE INFORMATION

Module		Function		Class		Link	Load	Size
C:\XC8\pic\sources\c99\common\__lldiv.c
		___lldiv       		CODE           	023F	0000	91

C:\XC8\pic\sources\c99\common\__lldiv.c estimated size: 91

C:\XC8\pic\sources\c99\common\lwdiv.c
		___lwdiv       		CODE           	02DB	0000	61

C:\XC8\pic\sources\c99\common\lwdiv.c estimated size: 61

KF1.c
		_setup         		CODE           	03C3	0000	20
		_PWMinit       		CODE           	03A7	0000	28

KF1.c estimated size: 48

C:\XC8\pic\sources\c99\common\Umul16.c
		___wmul        		CODE           	0387	0000	32

C:\XC8\pic\sources\c99\common\Umul16.c estimated size: 32

shared
		__initialization		CODE           	00C2	0000	7
		_TABLE         		STRCODE        	019F	0000	160

shared estimated size: 167

C:\XC8\pic\sources\c99\common\Umul32.c
		___lmul        		CODE           	0353	0000	52

C:\XC8\pic\sources\c99\common\Umul32.c estimated size: 52

main.c
		_ISR           		CODE           	0004	0000	189
		_getADS        		CODE           	029A	0000	65
		_main          		CODE           	00CC	0000	211
		_getADCValue   		CODE           	0318	0000	59

main.c estimated size: 524

